file not found: lomloe/andalucia/eso/cultura-clasica/1/saberes-criterios.json
file not found: lomloe/andalucia/eso/cultura-clasica/2/saberes-criterios.json
file not found: lomloe/andalucia/eso/musica/2/saberes-criterios.json
file not found: lomloe/andalucia/eso/musica/3/saberes-criterios.json
file not found: lomloe/aragon/primaria/segunda-lengua-extranjera/competencias-especificas.json
file not found: lomloe/aragon/primaria/segunda-lengua-extranjera/5/saberes-criterios.json
file not found: lomloe/aragon/primaria/segunda-lengua-extranjera/competencias-especificas.json
file not found: lomloe/aragon/primaria/segunda-lengua-extranjera/6/saberes-criterios.json
file not found: lomloe/aragon/bach/segunda-lengua-extranjera/competencias-especificas.json
file not found: lomloe/aragon/bach/segunda-lengua-extranjera/1/saberes-criterios.json
file not found: lomloe/aragon/bach/segunda-lengua-extranjera/competencias-especificas.json
file not found: lomloe/aragon/bach/segunda-lengua-extranjera/2/saberes-criterios.json
file not found: lomloe/aragon/bach/union-europea/competencias-especificas.json
file not found: lomloe/aragon/bach/union-europea/2/saberes-criterios.json
file not found: lomloe/canarias/primaria/educacion-en-valores-civicos-y-eticos/3/saberes-criterios.json
file not found: lomloe/canarias/primaria/educacion-en-valores-civicos-y-eticos/4/saberes-criterios.json
file not found: lomloe/canarias/eso/matematicas/4/saberes-criterios.json
file not found: lomloe/canarias/eso/segunda-lengua-extranjera/competencias-especificas.json
file not found: lomloe/canarias/eso/segunda-lengua-extranjera/4/saberes-criterios.json
file not found: lomloe/canarias/bach/tecnicas-de-laboratorio/1/saberes-criterios.json
file not found: lomloe/cantabria/bach/matematicas-----------------/competencias-especificas.json
file not found: lomloe/cantabria/bach/matematicas-----------------/1/saberes-criterios.json
file not found: lomloe/cantabria/bach/matematicas-/competencias-especificas.json
file not found: lomloe/cantabria/bach/matematicas-/2/saberes-criterios.json
file not found: lomloe/cantabria/bach/matematicas-aplicadas-a-las-ciencias-sociales-/competencias-especificas.json
file not found: lomloe/cantabria/bach/matematicas-aplicadas-a-las-ciencias-sociales-/2/saberes-criterios.json
file not found: lomloe/castilla-la-mancha/eso/musica-activa,-movimiento-y-folclore/competencias-especificas.json
file not found: lomloe/castilla-la-mancha/eso/musica-activa,-movimiento-y-folclore/3/saberes-criterios.json
file not found: lomloe/castilla-la-mancha/bach/lengua-castellana-y-literatura-i/competencias-especificas.json
file not found: lomloe/castilla-la-mancha/bach/lengua-castellana-y-literatura-i/1/saberes-criterios.json
file not found: lomloe/castilla-la-mancha/bach/lengua-extranjera-i/competencias-especificas.json
file not found: lomloe/castilla-la-mancha/bach/lengua-extranjera-i/1/saberes-criterios.json
file not found: lomloe/castilla-la-mancha/bach/matematicas-i/competencias-especificas.json
file not found: lomloe/castilla-la-mancha/bach/matematicas-i/1/saberes-criterios.json
file not found: lomloe/castilla-la-mancha/bach/dibujo-tecnico-i/competencias-especificas.json
file not found: lomloe/castilla-la-mancha/bach/dibujo-tecnico-i/1/saberes-criterios.json
file not found: lomloe/castilla-la-mancha/bach/tecnologia-e-ingenieria-i/competencias-especificas.json
file not found: lomloe/castilla-la-mancha/bach/tecnologia-e-ingenieria-i/1/saberes-criterios.json
file not found: lomloe/castilla-la-mancha/bach/2a-lengua-extranjera-i/competencias-especificas.json
file not found: lomloe/castilla-la-mancha/bach/2a-lengua-extranjera-i/1/saberes-criterios.json
file not found: lomloe/castilla-la-mancha/bach/latin-i/competencias-especificas.json
file not found: lomloe/castilla-la-mancha/bach/latin-i/1/saberes-criterios.json
file not found: lomloe/castilla-la-mancha/bach/matematicas-aplicadas-a-las-ccss-i/competencias-especificas.json
file not found: lomloe/castilla-la-mancha/bach/matematicas-aplicadas-a-las-ccss-i/1/saberes-criterios.json
file not found: lomloe/castilla-la-mancha/bach/griego-i/competencias-especificas.json
file not found: lomloe/castilla-la-mancha/bach/griego-i/1/saberes-criterios.json
file not found: lomloe/castilla-la-mancha/bach/psicologia/competencias-especificas.json
file not found: lomloe/castilla-la-mancha/bach/psicologia/1/saberes-criterios.json
file not found: lomloe/castilla-la-mancha/bach/dibujo-artistico-i/competencias-especificas.json
file not found: lomloe/castilla-la-mancha/bach/dibujo-artistico-i/1/saberes-criterios.json
file not found: lomloe/castilla-la-mancha/bach/dibujo-tecnico-aplicado-a-artes-plasticas-y--diseno-i/competencias-especificas.json
file not found: lomloe/castilla-la-mancha/bach/dibujo-tecnico-aplicado-a-artes-plasticas-y--diseno-i/1/saberes-criterios.json
file not found: lomloe/castilla-la-mancha/bach/analisis-musical-i/competencias-especificas.json
file not found: lomloe/castilla-la-mancha/bach/analisis-musical-i/1/saberes-criterios.json
file not found: lomloe/castilla-la-mancha/bach/artes-escenicas-i/competencias-especificas.json
file not found: lomloe/castilla-la-mancha/bach/artes-escenicas-i/1/saberes-criterios.json
file not found: lomloe/castilla-la-mancha/bach/coro-y-tecnica-vocal-i/competencias-especificas.json
file not found: lomloe/castilla-la-mancha/bach/coro-y-tecnica-vocal-i/1/saberes-criterios.json
file not found: lomloe/castilla-la-mancha/bach/lengua-castellana-y-literatura-ii/competencias-especificas.json
file not found: lomloe/castilla-la-mancha/bach/lengua-castellana-y-literatura-ii/2/saberes-criterios.json
file not found: lomloe/castilla-la-mancha/bach/lengua-extranjera-ii/competencias-especificas.json
file not found: lomloe/castilla-la-mancha/bach/lengua-extranjera-ii/2/saberes-criterios.json
file not found: lomloe/castilla-la-mancha/bach/matematicas-ii/competencias-especificas.json
file not found: lomloe/castilla-la-mancha/bach/matematicas-ii/2/saberes-criterios.json
file not found: lomloe/castilla-la-mancha/bach/matematicas-aplicadas-a-las-ccss-ii/competencias-especificas.json
file not found: lomloe/castilla-la-mancha/bach/matematicas-aplicadas-a-las-ccss-ii/2/saberes-criterios.json
file not found: lomloe/castilla-la-mancha/bach/dibujo-tecnico-ii/competencias-especificas.json
file not found: lomloe/castilla-la-mancha/bach/dibujo-tecnico-ii/2/saberes-criterios.json
file not found: lomloe/castilla-la-mancha/bach/tecnologia-e-ingenieria-ii/competencias-especificas.json
file not found: lomloe/castilla-la-mancha/bach/tecnologia-e-ingenieria-ii/2/saberes-criterios.json
file not found: lomloe/castilla-la-mancha/bach/2a-lengua-extranjera-ii/competencias-especificas.json
file not found: lomloe/castilla-la-mancha/bach/2a-lengua-extranjera-ii/2/saberes-criterios.json
file not found: lomloe/castilla-la-mancha/bach/creacion-de-contenidos-artisticos-y-audiovisuales/competencias-especificas.json
file not found: lomloe/castilla-la-mancha/bach/creacion-de-contenidos-artisticos-y-audiovisuales/2/saberes-criterios.json
file not found: lomloe/castilla-la-mancha/bach/latin-ii/competencias-especificas.json
file not found: lomloe/castilla-la-mancha/bach/latin-ii/2/saberes-criterios.json
file not found: lomloe/castilla-la-mancha/bach/matematicas-aplicadas-a-las-ccss-ii/competencias-especificas.json
file not found: lomloe/castilla-la-mancha/bach/matematicas-aplicadas-a-las-ccss-ii/2/saberes-criterios.json
file not found: lomloe/castilla-la-mancha/bach/griego-ii/competencias-especificas.json
file not found: lomloe/castilla-la-mancha/bach/griego-ii/2/saberes-criterios.json
file not found: lomloe/castilla-la-mancha/bach/historia-de-la-musica-y-la-danza/competencias-especificas.json
file not found: lomloe/castilla-la-mancha/bach/historia-de-la-musica-y-la-danza/2/saberes-criterios.json
file not found: lomloe/castilla-la-mancha/bach/dibujo-artistico-ii/competencias-especificas.json
file not found: lomloe/castilla-la-mancha/bach/dibujo-artistico-ii/2/saberes-criterios.json
file not found: lomloe/castilla-la-mancha/bach/dibujo-tecnico-aplicado-a-artes-plasticas-y--diseno-ii/competencias-especificas.json
file not found: lomloe/castilla-la-mancha/bach/dibujo-tecnico-aplicado-a-artes-plasticas-y--diseno-ii/2/saberes-criterios.json
file not found: lomloe/castilla-la-mancha/bach/analisis-musical-ii/competencias-especificas.json
file not found: lomloe/castilla-la-mancha/bach/analisis-musical-ii/2/saberes-criterios.json
file not found: lomloe/castilla-la-mancha/bach/artes-escenicas-ii/competencias-especificas.json
file not found: lomloe/castilla-la-mancha/bach/artes-escenicas-ii/2/saberes-criterios.json
file not found: lomloe/castilla-la-mancha/bach/coro-y-tecnica-vocal-ii/competencias-especificas.json
file not found: lomloe/castilla-la-mancha/bach/coro-y-tecnica-vocal-ii/2/saberes-criterios.json
file not found: lomloe/castilla-la-mancha/bach/proyectos-artisticos-de-musica,-danza-y-arte-dramatico/competencias-especificas.json
file not found: lomloe/castilla-la-mancha/bach/proyectos-artisticos-de-musica,-danza-y-arte-dramatico/2/saberes-criterios.json
file not found: lomloe/cataluna/primaria/aranes-i-literatura-a-l'aran/competencias-especificas.json
file not found: lomloe/cataluna/primaria/aranes-i-literatura-a-l'aran/1/saberes-criterios.json
file not found: lomloe/cataluna/primaria/aranes-i-literatura-a-l'aran/competencias-especificas.json
file not found: lomloe/cataluna/primaria/aranes-i-literatura-a-l'aran/2/saberes-criterios.json
file not found: lomloe/cataluna/primaria/aranes-i-literatura-a-l'aran/competencias-especificas.json
file not found: lomloe/cataluna/primaria/aranes-i-literatura-a-l'aran/3/saberes-criterios.json
file not found: lomloe/cataluna/primaria/aranes-i-literatura-a-l'aran/competencias-especificas.json
file not found: lomloe/cataluna/primaria/aranes-i-literatura-a-l'aran/4/saberes-criterios.json
file not found: lomloe/cataluna/primaria/aranes-i-literatura-a-l'aran/competencias-especificas.json
file not found: lomloe/cataluna/primaria/aranes-i-literatura-a-l'aran/5/saberes-criterios.json
file not found: lomloe/cataluna/primaria/aranes-i-literatura-a-l'aran/competencias-especificas.json
file not found: lomloe/cataluna/primaria/aranes-i-literatura-a-l'aran/6/saberes-criterios.json
file not found: lomloe/cataluna/eso/cultura-cientifica/competencias-especificas.json
file not found: lomloe/cataluna/eso/cultura-cientifica/4/saberes-criterios.json
file not found: lomloe/cataluna/eso/digitalitzacio/competencias-especificas.json
file not found: lomloe/cataluna/eso/digitalitzacio/4/saberes-criterios.json
file not found: lomloe/cataluna/eso/expressio-artistica/competencias-especificas.json
file not found: lomloe/cataluna/eso/expressio-artistica/4/saberes-criterios.json
file not found: lomloe/cataluna/bach/biomedicina/competencias-especificas.json
file not found: lomloe/cataluna/bach/biomedicina/1/saberes-criterios.json
file not found: lomloe/cataluna/bach/formacio-i-orientacio-personal-i-professional/competencias-especificas.json
file not found: lomloe/cataluna/bach/formacio-i-orientacio-personal-i-professional/1/saberes-criterios.json
file not found: lomloe/cataluna/bach/funcionament-de-l'empresa/competencias-especificas.json
file not found: lomloe/cataluna/bach/funcionament-de-l'empresa/1/saberes-criterios.json
file not found: lomloe/cataluna/bach/mon-classic/competencias-especificas.json
file not found: lomloe/cataluna/bach/mon-classic/1/saberes-criterios.json
file not found: lomloe/cataluna/bach/programacio/competencias-especificas.json
file not found: lomloe/cataluna/bach/programacio/1/saberes-criterios.json
file not found: lomloe/cataluna/bach/psicologia/competencias-especificas.json
file not found: lomloe/cataluna/bach/psicologia/1/saberes-criterios.json
file not found: lomloe/cataluna/bach/creacio-fotografica-i-cinema/competencias-especificas.json
file not found: lomloe/cataluna/bach/creacio-fotografica-i-cinema/2/saberes-criterios.json
file not found: lomloe/cataluna/bach/formacio-i-orientacio-personal-i-professional/competencias-especificas.json
file not found: lomloe/cataluna/bach/formacio-i-orientacio-personal-i-professional/2/saberes-criterios.json
file not found: lomloe/cataluna/bach/projecte-de-comissariat-d'exposicions/competencias-especificas.json
file not found: lomloe/cataluna/bach/projecte-de-comissariat-d'exposicions/2/saberes-criterios.json
file not found: lomloe/comunidad-de-madrid/primaria/lengua-extranjera:-ingles/competencias-especificas.json
file not found: lomloe/comunidad-de-madrid/primaria/lengua-extranjera:-ingles/1/saberes-criterios.json
file not found: lomloe/comunidad-de-madrid/primaria/lengua-extranjera:-ingles/competencias-especificas.json
file not found: lomloe/comunidad-de-madrid/primaria/lengua-extranjera:-ingles/2/saberes-criterios.json
file not found: lomloe/comunidad-de-madrid/primaria/lengua-extranjera:-ingles/competencias-especificas.json
file not found: lomloe/comunidad-de-madrid/primaria/lengua-extranjera:-ingles/3/saberes-criterios.json
file not found: lomloe/comunidad-de-madrid/primaria/lengua-extranjera:-ingles/competencias-especificas.json
file not found: lomloe/comunidad-de-madrid/primaria/lengua-extranjera:-ingles/4/saberes-criterios.json
file not found: lomloe/comunidad-de-madrid/primaria/lengua-extranjera:-ingles/competencias-especificas.json
file not found: lomloe/comunidad-de-madrid/primaria/lengua-extranjera:-ingles/5/saberes-criterios.json
file not found: lomloe/comunidad-de-madrid/primaria/lengua-extranjera:-ingles/competencias-especificas.json
file not found: lomloe/comunidad-de-madrid/primaria/lengua-extranjera:-ingles/6/saberes-criterios.json
file not found: lomloe/comunidad-de-madrid/bach/lengua-castellana-y-literatura-i/competencias-especificas.json
file not found: lomloe/comunidad-de-madrid/bach/lengua-castellana-y-literatura-i/1/saberes-criterios.json
file not found: lomloe/comunidad-de-madrid/bach/lengua-extranjera-i/competencias-especificas.json
file not found: lomloe/comunidad-de-madrid/bach/lengua-extranjera-i/1/saberes-criterios.json
file not found: lomloe/comunidad-de-madrid/bach/dibujo-artistico-i/competencias-especificas.json
file not found: lomloe/comunidad-de-madrid/bach/dibujo-artistico-i/1/saberes-criterios.json
file not found: lomloe/comunidad-de-madrid/bach/dibujo-tecnico-aplicado-a-las-artes-plasticas-y-al-diseno-i/competencias-especificas.json
file not found: lomloe/comunidad-de-madrid/bach/dibujo-tecnico-aplicado-a-las-artes-plasticas-y-al-diseno-i/1/saberes-criterios.json
file not found: lomloe/comunidad-de-madrid/bach/analisis-musical-i/competencias-especificas.json
file not found: lomloe/comunidad-de-madrid/bach/analisis-musical-i/1/saberes-criterios.json
file not found: lomloe/comunidad-de-madrid/bach/artes-escenicas-i/competencias-especificas.json
file not found: lomloe/comunidad-de-madrid/bach/artes-escenicas-i/1/saberes-criterios.json
file not found: lomloe/comunidad-de-madrid/bach/coro-y-tecnica-vocal-i/competencias-especificas.json
file not found: lomloe/comunidad-de-madrid/bach/coro-y-tecnica-vocal-i/1/saberes-criterios.json
file not found: lomloe/comunidad-de-madrid/bach/matematicas-i/competencias-especificas.json
file not found: lomloe/comunidad-de-madrid/bach/matematicas-i/1/saberes-criterios.json
file not found: lomloe/comunidad-de-madrid/bach/dibujo-tecnico-i/competencias-especificas.json
file not found: lomloe/comunidad-de-madrid/bach/dibujo-tecnico-i/1/saberes-criterios.json
file not found: lomloe/comunidad-de-madrid/bach/tecnologia-e-ingenieria-i/competencias-especificas.json
file not found: lomloe/comunidad-de-madrid/bach/tecnologia-e-ingenieria-i/1/saberes-criterios.json
file not found: lomloe/comunidad-de-madrid/bach/latin-i/competencias-especificas.json
file not found: lomloe/comunidad-de-madrid/bach/latin-i/1/saberes-criterios.json
file not found: lomloe/comunidad-de-madrid/bach/matematicas-aplicadas-a-las-ciencias-sociales-i/competencias-especificas.json
file not found: lomloe/comunidad-de-madrid/bach/matematicas-aplicadas-a-las-ciencias-sociales-i/1/saberes-criterios.json
file not found: lomloe/comunidad-de-madrid/bach/griego-i/competencias-especificas.json
file not found: lomloe/comunidad-de-madrid/bach/griego-i/1/saberes-criterios.json
file not found: lomloe/comunidad-de-madrid/bach/segunda-lengua-extranjera/competencias-especificas.json
file not found: lomloe/comunidad-de-madrid/bach/segunda-lengua-extranjera/1/saberes-criterios.json
file not found: lomloe/comunidad-de-madrid/bach/lengua-castellana-y-literatura-ii/competencias-especificas.json
file not found: lomloe/comunidad-de-madrid/bach/lengua-castellana-y-literatura-ii/2/saberes-criterios.json
file not found: lomloe/comunidad-de-madrid/bach/lengua-extranjera-ii/competencias-especificas.json
file not found: lomloe/comunidad-de-madrid/bach/lengua-extranjera-ii/2/saberes-criterios.json
file not found: lomloe/comunidad-de-madrid/bach/dibujo-tecnico-aplicado-a-las-artes-plasticas-y-al-diseno-ii/competencias-especificas.json
file not found: lomloe/comunidad-de-madrid/bach/dibujo-tecnico-aplicado-a-las-artes-plasticas-y-al-diseno-ii/2/saberes-criterios.json
file not found: lomloe/comunidad-de-madrid/bach/analisis-musical-ii/competencias-especificas.json
file not found: lomloe/comunidad-de-madrid/bach/analisis-musical-ii/2/saberes-criterios.json
file not found: lomloe/comunidad-de-madrid/bach/artes-escenicas-ii/competencias-especificas.json
file not found: lomloe/comunidad-de-madrid/bach/artes-escenicas-ii/2/saberes-criterios.json
file not found: lomloe/comunidad-de-madrid/bach/coro-y-tecnica-vocal-ii/competencias-especificas.json
file not found: lomloe/comunidad-de-madrid/bach/coro-y-tecnica-vocal-ii/2/saberes-criterios.json
file not found: lomloe/comunidad-de-madrid/bach/matematicas-ii/competencias-especificas.json
file not found: lomloe/comunidad-de-madrid/bach/matematicas-ii/2/saberes-criterios.json
file not found: lomloe/comunidad-de-madrid/bach/matematicas-aplicadas-a-las-ciencias-sociales-ii/competencias-especificas.json
file not found: lomloe/comunidad-de-madrid/bach/matematicas-aplicadas-a-las-ciencias-sociales-ii/2/saberes-criterios.json
file not found: lomloe/comunidad-de-madrid/bach/dibujo-tecnico-ii/competencias-especificas.json
file not found: lomloe/comunidad-de-madrid/bach/dibujo-tecnico-ii/2/saberes-criterios.json
file not found: lomloe/comunidad-de-madrid/bach/tecnologia-e-ingenieria-ii/competencias-especificas.json
file not found: lomloe/comunidad-de-madrid/bach/tecnologia-e-ingenieria-ii/2/saberes-criterios.json
file not found: lomloe/comunidad-de-madrid/bach/latin-ii/competencias-especificas.json
file not found: lomloe/comunidad-de-madrid/bach/latin-ii/2/saberes-criterios.json
file not found: lomloe/comunidad-de-madrid/bach/griego-ii/competencias-especificas.json
file not found: lomloe/comunidad-de-madrid/bach/griego-ii/2/saberes-criterios.json
file not found: lomloe/comunidad-de-madrid/bach/segunda-lengua-extranjera/competencias-especificas.json
file not found: lomloe/comunidad-de-madrid/bach/segunda-lengua-extranjera/2/saberes-criterios.json
file not found: lomloe/comunidad-foral-de-navarra/eso/cultura-clasica/competencias-especificas.json
file not found: lomloe/comunidad-foral-de-navarra/eso/cultura-clasica/1/saberes-criterios.json
file not found: lomloe/comunidad-foral-de-navarra/eso/musica/2/saberes-criterios.json
file not found: lomloe/comunidad-foral-de-navarra/eso/cultura-clasica/competencias-especificas.json
file not found: lomloe/comunidad-foral-de-navarra/eso/cultura-clasica/2/saberes-criterios.json
file not found: lomloe/comunidad-foral-de-navarra/eso/cultura-clasica/competencias-especificas.json
file not found: lomloe/comunidad-foral-de-navarra/eso/cultura-clasica/3/saberes-criterios.json
file not found: lomloe/comunidad-foral-de-navarra/bach/tecnologia-e-ingenieria-i/competencias-especificas.json
file not found: lomloe/comunidad-foral-de-navarra/bach/tecnologia-e-ingenieria-i/1/saberes-criterios.json
file not found: lomloe/comunidad-foral-de-navarra/bach/tecnologia-e-ingenieria-ii/competencias-especificas.json
file not found: lomloe/comunidad-foral-de-navarra/bach/tecnologia-e-ingenieria-ii/2/saberes-criterios.json
File not found: lomloe/comunidad-valenciana/materias.json
file not found: lomloe/extremadura/eso/emprendimiento-social-y-sostenibilidad/competencias-especificas.json
file not found: lomloe/extremadura/eso/emprendimiento-social-y-sostenibilidad/2/saberes-criterios.json
file not found: lomloe/extremadura/bach/lengua-castellana-y-literatura-i/competencias-especificas.json
file not found: lomloe/extremadura/bach/lengua-castellana-y-literatura-i/1/saberes-criterios.json
file not found: lomloe/extremadura/bach/lengua-extranjera-i/competencias-especificas.json
file not found: lomloe/extremadura/bach/lengua-extranjera-i/1/saberes-criterios.json
file not found: lomloe/extremadura/bach/matematicas-i/competencias-especificas.json
file not found: lomloe/extremadura/bach/matematicas-i/1/saberes-criterios.json
file not found: lomloe/extremadura/bach/dibujo-tecnico-i/competencias-especificas.json
file not found: lomloe/extremadura/bach/dibujo-tecnico-i/1/saberes-criterios.json
file not found: lomloe/extremadura/bach/tecnologia-e-ingenieria-i/competencias-especificas.json
file not found: lomloe/extremadura/bach/tecnologia-e-ingenieria-i/1/saberes-criterios.json
file not found: lomloe/extremadura/bach/latin-i/competencias-especificas.json
file not found: lomloe/extremadura/bach/latin-i/1/saberes-criterios.json
file not found: lomloe/extremadura/bach/matematicas-aplicadas-a-las-ccss-i/competencias-especificas.json
file not found: lomloe/extremadura/bach/matematicas-aplicadas-a-las-ccss-i/1/saberes-criterios.json
file not found: lomloe/extremadura/bach/griego-i/competencias-especificas.json
file not found: lomloe/extremadura/bach/griego-i/1/saberes-criterios.json
file not found: lomloe/extremadura/bach/dibujo-artistico-i/competencias-especificas.json
file not found: lomloe/extremadura/bach/dibujo-artistico-i/1/saberes-criterios.json
file not found: lomloe/extremadura/bach/dibujo-tecnico-aplicado-a-artes-plasticas-y--diseno-i/competencias-especificas.json
file not found: lomloe/extremadura/bach/dibujo-tecnico-aplicado-a-artes-plasticas-y--diseno-i/1/saberes-criterios.json
file not found: lomloe/extremadura/bach/analisis-musical-i/competencias-especificas.json
file not found: lomloe/extremadura/bach/analisis-musical-i/1/saberes-criterios.json
file not found: lomloe/extremadura/bach/artes-escenicas-i/competencias-especificas.json
file not found: lomloe/extremadura/bach/artes-escenicas-i/1/saberes-criterios.json
file not found: lomloe/extremadura/bach/coro-y-tecnica-vocal-i/competencias-especificas.json
file not found: lomloe/extremadura/bach/coro-y-tecnica-vocal-i/1/saberes-criterios.json
file not found: lomloe/extremadura/bach/lengua-castellana-y-literatura-ii/competencias-especificas.json
file not found: lomloe/extremadura/bach/lengua-castellana-y-literatura-ii/2/saberes-criterios.json
file not found: lomloe/extremadura/bach/lengua-extranjera-ii/competencias-especificas.json
file not found: lomloe/extremadura/bach/lengua-extranjera-ii/2/saberes-criterios.json
file not found: lomloe/extremadura/bach/matematicas-ii/competencias-especificas.json
file not found: lomloe/extremadura/bach/matematicas-ii/2/saberes-criterios.json
file not found: lomloe/extremadura/bach/matematicas-aplicadas-a-las-ccss-ii/competencias-especificas.json
file not found: lomloe/extremadura/bach/matematicas-aplicadas-a-las-ccss-ii/2/saberes-criterios.json
file not found: lomloe/extremadura/bach/dibujo-tecnico-ii/competencias-especificas.json
file not found: lomloe/extremadura/bach/dibujo-tecnico-ii/2/saberes-criterios.json
file not found: lomloe/extremadura/bach/tecnologia-e-ingenieria-ii/competencias-especificas.json
file not found: lomloe/extremadura/bach/tecnologia-e-ingenieria-ii/2/saberes-criterios.json
file not found: lomloe/extremadura/bach/latin-ii/competencias-especificas.json
file not found: lomloe/extremadura/bach/latin-ii/2/saberes-criterios.json
file not found: lomloe/extremadura/bach/matematicas-aplicadas-a-las-ccss-ii/competencias-especificas.json
file not found: lomloe/extremadura/bach/matematicas-aplicadas-a-las-ccss-ii/2/saberes-criterios.json
file not found: lomloe/extremadura/bach/griego-ii/competencias-especificas.json
file not found: lomloe/extremadura/bach/griego-ii/2/saberes-criterios.json
file not found: lomloe/extremadura/bach/dibujo-artistico-ii/competencias-especificas.json
file not found: lomloe/extremadura/bach/dibujo-artistico-ii/2/saberes-criterios.json
file not found: lomloe/extremadura/bach/dibujo-tecnico-aplicado-a-artes-plasticas-y--diseno-ii/competencias-especificas.json
file not found: lomloe/extremadura/bach/dibujo-tecnico-aplicado-a-artes-plasticas-y--diseno-ii/2/saberes-criterios.json
file not found: lomloe/extremadura/bach/analisis-musical-ii/competencias-especificas.json
file not found: lomloe/extremadura/bach/analisis-musical-ii/2/saberes-criterios.json
file not found: lomloe/extremadura/bach/artes-escenicas-ii/competencias-especificas.json
file not found: lomloe/extremadura/bach/artes-escenicas-ii/2/saberes-criterios.json
file not found: lomloe/extremadura/bach/coro-y-tecnica-vocal-ii/competencias-especificas.json
file not found: lomloe/extremadura/bach/coro-y-tecnica-vocal-ii/2/saberes-criterios.json
file not found: lomloe/extremadura/bach/psicologia/competencias-especificas.json
file not found: lomloe/extremadura/bach/psicologia/2/saberes-criterios.json
file not found: lomloe/galicia/eso/matematicas/competencias-especificas.json
file not found: lomloe/galicia/eso/matematicas/1/saberes-criterios.json
file not found: lomloe/galicia/eso/matematicas/competencias-especificas.json
file not found: lomloe/galicia/eso/matematicas/2/saberes-criterios.json
file not found: lomloe/galicia/eso/matematicas/competencias-especificas.json
file not found: lomloe/galicia/eso/matematicas/3/saberes-criterios.json
file not found: lomloe/galicia/bach/anatomia-aplicada/competencias-especificas.json
file not found: lomloe/galicia/bach/anatomia-aplicada/1/saberes-criterios.json
file not found: lomloe/galicia/bach/antropologia/competencias-especificas.json
file not found: lomloe/galicia/bach/antropologia/1/saberes-criterios.json
file not found: lomloe/galicia/bach/cultura-cientifica/competencias-especificas.json
file not found: lomloe/galicia/bach/cultura-cientifica/1/saberes-criterios.json
file not found: lomloe/galicia/bach/literatura-gallega-del-siglo-xx-y-de-la-actualidad/competencias-especificas.json
file not found: lomloe/galicia/bach/literatura-gallega-del-siglo-xx-y-de-la-actualidad/1/saberes-criterios.json
file not found: lomloe/galicia/bach/segunda-lengua-extranjera/competencias-especificas.json
file not found: lomloe/galicia/bach/segunda-lengua-extranjera/1/saberes-criterios.json
file not found: lomloe/galicia/bach/tecnologias-de-la-informacion-y-de-la-comunicacion/competencias-especificas.json
file not found: lomloe/galicia/bach/tecnologias-de-la-informacion-y-de-la-comunicacion/1/saberes-criterios.json
file not found: lomloe/galicia/bach/geografia,-historia,-arte-y-patrimonio-de-galicia/competencias-especificas.json
file not found: lomloe/galicia/bach/geografia,-historia,-arte-y-patrimonio-de-galicia/2/saberes-criterios.json
file not found: lomloe/galicia/bach/matematica/competencias-especificas.json
file not found: lomloe/galicia/bach/matematica/2/saberes-criterios.json
file not found: lomloe/galicia/bach/metodos-estadisticos-y-numericos/competencias-especificas.json
file not found: lomloe/galicia/bach/metodos-estadisticos-y-numericos/2/saberes-criterios.json
file not found: lomloe/galicia/bach/psicologia/competencias-especificas.json
file not found: lomloe/galicia/bach/psicologia/2/saberes-criterios.json
file not found: lomloe/galicia/bach/segunda-lengua-extranjera/competencias-especificas.json
file not found: lomloe/galicia/bach/segunda-lengua-extranjera/2/saberes-criterios.json
file not found: lomloe/galicia/bach/tecnologias-de-la-informacion-y-de-la-comunicacion/competencias-especificas.json
file not found: lomloe/galicia/bach/tecnologias-de-la-informacion-y-de-la-comunicacion/2/saberes-criterios.json
file not found: lomloe/illes-balears/bach/empresa-y-diseno-de-models-de-negocio/competencias-especificas.json
file not found: lomloe/illes-balears/bach/empresa-y-diseno-de-models-de-negocio/2/saberes-criterios.json
file not found: lomloe/la-rioja/eso/fisica-y-quimica/1/saberes-criterios.json
file not found: lomloe/la-rioja/bach/tecnologia-y-ingenieria/competencias-especificas.json
file not found: lomloe/la-rioja/bach/tecnologia-y-ingenieria/1/saberes-criterios.json
file not found: lomloe/la-rioja/bach/segunda-lengua-extranjera/competencias-especificas.json
file not found: lomloe/la-rioja/bach/segunda-lengua-extranjera/1/saberes-criterios.json
file not found: lomloe/la-rioja/bach/tecnicas-de-expresion-grafico-plasticas/competencias-especificas.json
file not found: lomloe/la-rioja/bach/tecnicas-de-expresion-grafico-plasticas/2/saberes-criterios.json
file not found: lomloe/la-rioja/bach/historia-de-la-musica-y-la-danza/competencias-especificas.json
file not found: lomloe/la-rioja/bach/historia-de-la-musica-y-la-danza/2/saberes-criterios.json
file not found: lomloe/la-rioja/bach/tecnologia-y-ingenieria/competencias-especificas.json
file not found: lomloe/la-rioja/bach/tecnologia-y-ingenieria/2/saberes-criterios.json
file not found: lomloe/la-rioja/bach/segunda-lengua-extranjera/competencias-especificas.json
file not found: lomloe/la-rioja/bach/segunda-lengua-extranjera/2/saberes-criterios.json
file not found: lomloe/pais-vasco/primaria/primera-lengua-extranjera/competencias-especificas.json
file not found: lomloe/pais-vasco/primaria/primera-lengua-extranjera/1/saberes-criterios.json
file not found: lomloe/pais-vasco/primaria/primera-lengua-extranjera/competencias-especificas.json
file not found: lomloe/pais-vasco/primaria/primera-lengua-extranjera/2/saberes-criterios.json
file not found: lomloe/pais-vasco/primaria/primera-lengua-extranjera/competencias-especificas.json
file not found: lomloe/pais-vasco/primaria/primera-lengua-extranjera/3/saberes-criterios.json
file not found: lomloe/pais-vasco/primaria/primera-lengua-extranjera/competencias-especificas.json
file not found: lomloe/pais-vasco/primaria/primera-lengua-extranjera/4/saberes-criterios.json
file not found: lomloe/pais-vasco/primaria/primera-lengua-extranjera/competencias-especificas.json
file not found: lomloe/pais-vasco/primaria/primera-lengua-extranjera/5/saberes-criterios.json
file not found: lomloe/pais-vasco/primaria/primera-lengua-extranjera/competencias-especificas.json
file not found: lomloe/pais-vasco/primaria/primera-lengua-extranjera/6/saberes-criterios.json
file not found: lomloe/pais-vasco/primaria/valores-civicos-y-eticos/competencias-especificas.json
file not found: lomloe/pais-vasco/primaria/valores-civicos-y-eticos/6/saberes-criterios.json
file not found: lomloe/pais-vasco/eso/biologia,-geologia/competencias-especificas.json
file not found: lomloe/pais-vasco/eso/biologia,-geologia/3/saberes-criterios.json
file not found: lomloe/pais-vasco/eso/filosofia-aplicada-al-desarrollo-personal-y-social/competencias-especificas.json
file not found: lomloe/pais-vasco/eso/filosofia-aplicada-al-desarrollo-personal-y-social/4/saberes-criterios.json
file not found: lomloe/principado-de-asturias/primaria/ciencias-de-la-naturaleza/competencias-especificas.json
file not found: lomloe/principado-de-asturias/primaria/ciencias-de-la-naturaleza/1/saberes-criterios.json
file not found: lomloe/principado-de-asturias/primaria/lengua-asturiana-y-literatura/competencias-especificas.json
file not found: lomloe/principado-de-asturias/primaria/lengua-asturiana-y-literatura/1/saberes-criterios.json
file not found: lomloe/principado-de-asturias/primaria/ciencias-de-la-naturaleza/competencias-especificas.json
file not found: lomloe/principado-de-asturias/primaria/ciencias-de-la-naturaleza/2/saberes-criterios.json
file not found: lomloe/principado-de-asturias/primaria/lengua-asturiana-y-literatura/competencias-especificas.json
file not found: lomloe/principado-de-asturias/primaria/lengua-asturiana-y-literatura/2/saberes-criterios.json
file not found: lomloe/principado-de-asturias/primaria/ciencias-de-la-naturaleza/competencias-especificas.json
file not found: lomloe/principado-de-asturias/primaria/ciencias-de-la-naturaleza/3/saberes-criterios.json
file not found: lomloe/principado-de-asturias/primaria/lengua-asturiana-y-literatura/competencias-especificas.json
file not found: lomloe/principado-de-asturias/primaria/lengua-asturiana-y-literatura/3/saberes-criterios.json
file not found: lomloe/principado-de-asturias/primaria/ciencias-de-la-naturaleza/competencias-especificas.json
file not found: lomloe/principado-de-asturias/primaria/ciencias-de-la-naturaleza/4/saberes-criterios.json
file not found: lomloe/principado-de-asturias/primaria/lengua-asturiana-y-literatura/competencias-especificas.json
file not found: lomloe/principado-de-asturias/primaria/lengua-asturiana-y-literatura/4/saberes-criterios.json
file not found: lomloe/principado-de-asturias/primaria/ciencias-de-la-naturaleza/competencias-especificas.json
file not found: lomloe/principado-de-asturias/primaria/ciencias-de-la-naturaleza/5/saberes-criterios.json
file not found: lomloe/principado-de-asturias/primaria/lengua-asturiana-y-literatura/competencias-especificas.json
file not found: lomloe/principado-de-asturias/primaria/lengua-asturiana-y-literatura/5/saberes-criterios.json
file not found: lomloe/principado-de-asturias/primaria/ciencias-de-la-naturaleza/competencias-especificas.json
file not found: lomloe/principado-de-asturias/primaria/ciencias-de-la-naturaleza/6/saberes-criterios.json
file not found: lomloe/principado-de-asturias/primaria/lengua-asturiana-y-literatura/competencias-especificas.json
file not found: lomloe/principado-de-asturias/primaria/lengua-asturiana-y-literatura/6/saberes-criterios.json
file not found: lomloe/region-de-murcia/primaria/ciencias-de-la-naturaleza/competencias-especificas.json
file not found: lomloe/region-de-murcia/primaria/ciencias-de-la-naturaleza/1/saberes-criterios.json
file not found: lomloe/region-de-murcia/primaria/ciencias-sociales/competencias-especificas.json
file not found: lomloe/region-de-murcia/primaria/ciencias-sociales/1/saberes-criterios.json
file not found: lomloe/region-de-murcia/primaria/lengua-asturiana-y-literatura/competencias-especificas.json
file not found: lomloe/region-de-murcia/primaria/lengua-asturiana-y-literatura/1/saberes-criterios.json
file not found: lomloe/region-de-murcia/primaria/cultura-asturiana/competencias-especificas.json
file not found: lomloe/region-de-murcia/primaria/cultura-asturiana/1/saberes-criterios.json
file not found: lomloe/region-de-murcia/primaria/ciencias-de-la-naturaleza/competencias-especificas.json
file not found: lomloe/region-de-murcia/primaria/ciencias-de-la-naturaleza/2/saberes-criterios.json
file not found: lomloe/region-de-murcia/primaria/ciencias-sociales/competencias-especificas.json
file not found: lomloe/region-de-murcia/primaria/ciencias-sociales/2/saberes-criterios.json
file not found: lomloe/region-de-murcia/primaria/lengua-asturiana-y-literatura/competencias-especificas.json
file not found: lomloe/region-de-murcia/primaria/lengua-asturiana-y-literatura/2/saberes-criterios.json
file not found: lomloe/region-de-murcia/primaria/cultura-asturiana/competencias-especificas.json
file not found: lomloe/region-de-murcia/primaria/cultura-asturiana/2/saberes-criterios.json
file not found: lomloe/region-de-murcia/primaria/ciencias-de-la-naturaleza/competencias-especificas.json
file not found: lomloe/region-de-murcia/primaria/ciencias-de-la-naturaleza/3/saberes-criterios.json
file not found: lomloe/region-de-murcia/primaria/ciencias-sociales/competencias-especificas.json
file not found: lomloe/region-de-murcia/primaria/ciencias-sociales/3/saberes-criterios.json
file not found: lomloe/region-de-murcia/primaria/lengua-asturiana-y-literatura/competencias-especificas.json
file not found: lomloe/region-de-murcia/primaria/lengua-asturiana-y-literatura/3/saberes-criterios.json
file not found: lomloe/region-de-murcia/primaria/cultura-asturiana/competencias-especificas.json
file not found: lomloe/region-de-murcia/primaria/cultura-asturiana/3/saberes-criterios.json
file not found: lomloe/region-de-murcia/primaria/ciencias-de-la-naturaleza/competencias-especificas.json
file not found: lomloe/region-de-murcia/primaria/ciencias-de-la-naturaleza/4/saberes-criterios.json
file not found: lomloe/region-de-murcia/primaria/ciencias-sociales/competencias-especificas.json
file not found: lomloe/region-de-murcia/primaria/ciencias-sociales/4/saberes-criterios.json
file not found: lomloe/region-de-murcia/primaria/lengua-asturiana-y-literatura/competencias-especificas.json
file not found: lomloe/region-de-murcia/primaria/lengua-asturiana-y-literatura/4/saberes-criterios.json
file not found: lomloe/region-de-murcia/primaria/cultura-asturiana/competencias-especificas.json
file not found: lomloe/region-de-murcia/primaria/cultura-asturiana/4/saberes-criterios.json
file not found: lomloe/region-de-murcia/primaria/ciencias-de-la-naturaleza/competencias-especificas.json
file not found: lomloe/region-de-murcia/primaria/ciencias-de-la-naturaleza/5/saberes-criterios.json
file not found: lomloe/region-de-murcia/primaria/ciencias-sociales/competencias-especificas.json
file not found: lomloe/region-de-murcia/primaria/ciencias-sociales/5/saberes-criterios.json
file not found: lomloe/region-de-murcia/primaria/lengua-asturiana-y-literatura/competencias-especificas.json
file not found: lomloe/region-de-murcia/primaria/lengua-asturiana-y-literatura/5/saberes-criterios.json
file not found: lomloe/region-de-murcia/primaria/cultura-asturiana/competencias-especificas.json
file not found: lomloe/region-de-murcia/primaria/cultura-asturiana/5/saberes-criterios.json
file not found: lomloe/region-de-murcia/primaria/ciencias-de-la-naturaleza/competencias-especificas.json
file not found: lomloe/region-de-murcia/primaria/ciencias-de-la-naturaleza/6/saberes-criterios.json
file not found: lomloe/region-de-murcia/primaria/ciencias-sociales/competencias-especificas.json
file not found: lomloe/region-de-murcia/primaria/ciencias-sociales/6/saberes-criterios.json
file not found: lomloe/region-de-murcia/primaria/lengua-asturiana-y-literatura/competencias-especificas.json
file not found: lomloe/region-de-murcia/primaria/lengua-asturiana-y-literatura/6/saberes-criterios.json
file not found: lomloe/region-de-murcia/primaria/cultura-asturiana/competencias-especificas.json
file not found: lomloe/region-de-murcia/primaria/cultura-asturiana/6/saberes-criterios.json
file not found: lomloe/region-de-murcia/eso/segunda-lengua-extranjera/competencias-especificas.json
file not found: lomloe/region-de-murcia/eso/segunda-lengua-extranjera/1/saberes-criterios.json
file not found: lomloe/region-de-murcia/eso/segunda-lengua-extranjera/competencias-especificas.json
file not found: lomloe/region-de-murcia/eso/segunda-lengua-extranjera/2/saberes-criterios.json
file not found: lomloe/region-de-murcia/eso/artes-escenicas-y-danza/competencias-especificas.json
file not found: lomloe/region-de-murcia/eso/artes-escenicas-y-danza/3/saberes-criterios.json
file not found: lomloe/region-de-murcia/eso/comunicacion-audiovisual/competencias-especificas.json
file not found: lomloe/region-de-murcia/eso/comunicacion-audiovisual/3/saberes-criterios.json
file not found: lomloe/region-de-murcia/eso/cultura-clasica/competencias-especificas.json
file not found: lomloe/region-de-murcia/eso/cultura-clasica/3/saberes-criterios.json
file not found: lomloe/region-de-murcia/eso/digitalizacion-creativa/competencias-especificas.json
file not found: lomloe/region-de-murcia/eso/digitalizacion-creativa/3/saberes-criterios.json
file not found: lomloe/region-de-murcia/eso/emprendimiento-personal-y-social/competencias-especificas.json
file not found: lomloe/region-de-murcia/eso/emprendimiento-personal-y-social/3/saberes-criterios.json
file not found: lomloe/region-de-murcia/eso/la-constitucion-espanola-y-la-union-europea/competencias-especificas.json
file not found: lomloe/region-de-murcia/eso/la-constitucion-espanola-y-la-union-europea/3/saberes-criterios.json
file not found: lomloe/region-de-murcia/eso/segunda-lengua-extranjera/competencias-especificas.json
file not found: lomloe/region-de-murcia/eso/segunda-lengua-extranjera/3/saberes-criterios.json
file not found: lomloe/region-de-murcia/eso/segunda-lengua-extranjera/competencias-especificas.json
file not found: lomloe/region-de-murcia/eso/segunda-lengua-extranjera/4/saberes-criterios.json
file not found: lomloe/region-de-murcia/eso/creaciones-audiovisuales-y-plasticas/competencias-especificas.json
file not found: lomloe/region-de-murcia/eso/creaciones-audiovisuales-y-plasticas/4/saberes-criterios.json
file not found: lomloe/region-de-murcia/eso/creaciones-escenico-musicales/competencias-especificas.json
file not found: lomloe/region-de-murcia/eso/creaciones-escenico-musicales/4/saberes-criterios.json
file not found: lomloe/region-de-murcia/eso/educacion-financiera-y-consumo-responsable/competencias-especificas.json
file not found: lomloe/region-de-murcia/eso/educacion-financiera-y-consumo-responsable/4/saberes-criterios.json
file not found: lomloe/region-de-murcia/eso/el-mundo-clasico:-lenguaje,-historia-y-patrimonio/competencias-especificas.json
file not found: lomloe/region-de-murcia/eso/el-mundo-clasico:-lenguaje,-historia-y-patrimonio/4/saberes-criterios.json
file not found: lomloe/region-de-murcia/eso/filosofia.-retorica-y-argumentacion/competencias-especificas.json
file not found: lomloe/region-de-murcia/eso/filosofia.-retorica-y-argumentacion/4/saberes-criterios.json
file not found: lomloe/region-de-murcia/eso/investigacion-cientifica-e-innovacion-tecnologica/competencias-especificas.json
file not found: lomloe/region-de-murcia/eso/investigacion-cientifica-e-innovacion-tecnologica/4/saberes-criterios.json
file not found: lomloe/region-de-murcia/bach/anatomia-aplicada/competencias-especificas.json
file not found: lomloe/region-de-murcia/bach/anatomia-aplicada/1/saberes-criterios.json
file not found: lomloe/region-de-murcia/bach/el-legado-clasico/competencias-especificas.json
file not found: lomloe/region-de-murcia/bach/el-legado-clasico/1/saberes-criterios.json
file not found: lomloe/region-de-murcia/bach/lengua-asturiana-y-literatura/competencias-especificas.json
file not found: lomloe/region-de-murcia/bach/lengua-asturiana-y-literatura/1/saberes-criterios.json
file not found: lomloe/region-de-murcia/bach/segunda-lengua-extranjera/competencias-especificas.json
file not found: lomloe/region-de-murcia/bach/segunda-lengua-extranjera/1/saberes-criterios.json
file not found: lomloe/region-de-murcia/bach/tecnologias-digitales-aplicadas/competencias-especificas.json
file not found: lomloe/region-de-murcia/bach/tecnologias-digitales-aplicadas/1/saberes-criterios.json
file not found: lomloe/region-de-murcia/bach/lengua-asturiana-y-literatura/competencias-especificas.json
file not found: lomloe/region-de-murcia/bach/lengua-asturiana-y-literatura/2/saberes-criterios.json
file not found: lomloe/region-de-murcia/bach/psicologia-y-sociedad/competencias-especificas.json
file not found: lomloe/region-de-murcia/bach/psicologia-y-sociedad/2/saberes-criterios.json
file not found: lomloe/region-de-murcia/bach/segunda-lengua-extranjera/competencias-especificas.json
file not found: lomloe/region-de-murcia/bach/segunda-lengua-extranjera/2/saberes-criterios.json
file not found: lomloe/region-de-murcia/bach/tecnologias-digitales-aplicadas/competencias-especificas.json
file not found: lomloe/region-de-murcia/bach/tecnologias-digitales-aplicadas/2/saberes-criterios.json